// Jest Snapshot v1, https://goo.gl/fbAQLP

exports[`> > > COMPONENT - Child #create snapshot 1`] = `
<div
  className="child"
>
  <div
    className="child__title"
  >
    <span>
      1
      :
    </span>
     
    something
  </div>
  <div
    className="child__check-btn"
    onClick={[Function]}
  >
    Выделить
  </div>
  <div
    className="child__delete-btn"
    onClick={[Function]}
  >
    Удалить
  </div>
</div>
`;
