// Jest Snapshot v1, https://goo.gl/fbAQLP

exports[`> > > COMPONENT - Item #create snapshot 1`] = `
<div
  className="item"
>
  <div
    className="item__box"
  >
    <div
      className="item__title"
    >
      <span>
        1
        :
      </span>
       
      something
    </div>
    <div
      className="item__open-child-btn empty"
      onClick={[Function]}
    >
      Создать
    </div>
    <div
      className="item__checked-childs-btn"
      onClick={[Function]}
    >
      Выделить все
    </div>
    <div
      className="item__delete"
      onClick={[Function]}
    >
      Удалить
    </div>
  </div>
  <div
    className="item__childs"
  >
    <Connect(CreateForm)
      childPosition={true}
      parentId={1}
    />
  </div>
</div>
`;
