// Jest Snapshot v1, https://goo.gl/fbAQLP

exports[`> > > COMPONENT - CreateForm #create snapshot 1`] = `
<div
  className="create-item__form"
>
  <div
    className="create-item__form-box"
  >
    <input
      className="create-item__form-input"
      onChange={[Function]}
      placeholder="Название нового элемента"
      value=""
    />
    <div
      className="create-item__form-add"
      onClick={[Function]}
    >
      Добавить новый элемент в список
    </div>
  </div>
</div>
`;
